// Jest Snapshot v1, https://goo.gl/fbAQLP

exports[`<Exelbid /> match snapshot 1`] = `
<div
  className="bottom"
  id="div-exelbid-"
/>
`;
